
> nano-repatch@1.0.0 test
> vitest --run src/customnodes/midi/midi-integration.test.ts


[1m[46m RUN [49m[22m [36mv4.0.9 [39m[90m/Users/nattos/Code/nano-repatch/src[39m

[90mstdout[2m | customnodes/midi/midi-integration.test.ts[2m > [22m[2mMIDI Integration[2m > [22m[2mshould convert MIDI to Mono with Middle C anchor
[22m[39mStream: [
  {
    "status": 144,
    "data1": 60,
    "data2": 100,
    "time": 0
  }
]
Record: {
  "status": 144,
  "data1": 60,
  "data2": 100,
  "time": 0
}

 [31m❯[39m customnodes/midi/midi-integration.test.ts [2m([22m[2m3 tests[22m[2m | [22m[31m3 failed[39m[2m)[22m[32m 6[2mms[22m[39m
[31m     [31m×[31m should process MIDI CC messages[39m[32m 4[2mms[22m[39m
[31m     [31m×[31m should process MIDI Note messages[39m[32m 0[2mms[22m[39m
[31m     [31m×[31m should convert MIDI to Mono with Middle C anchor[39m[32m 1[2mms[22m[39m

[31m⎯⎯⎯⎯⎯⎯⎯[39m[1m[41m Failed Tests 3 [49m[22m[31m⎯⎯⎯⎯⎯⎯⎯[39m

[41m[1m FAIL [22m[49m customnodes/midi/midi-integration.test.ts[2m > [22mMIDI Integration[2m > [22mshould process MIDI CC messages
[31m[1mTypeError[22m: Cannot read properties of undefined (reading 'status')[39m
[36m [2m❯[22m Object.execute customnodes/midi/nodes.ts:[2m42:48[22m[39m
    [90m 40| [39m      [35mfor[39m ([35mconst[39m record [35mof[39m stream) {
    [90m 41| [39m        const event = record.fields as unknown as { status: number, da…
    [90m 42| [39m        [35mconst[39m statusType [33m=[39m [34mgetStatusType[39m(event[33m.[39mstatus)[33m;[39m
    [90m   | [39m                                               [31m^[39m
    [90m 43| [39m        [35mconst[39m eventChannel [33m=[39m [34mgetChannel[39m(event[33m.[39mstatus)[33m;[39m
    [90m 44| [39m
[90m [2m❯[22m Object.execute structor/type-helpers.ts:[2m294:30[22m[39m
[90m [2m❯[22m GraphExecutor.update structor/executor.ts:[2m213:33[22m[39m
[90m [2m❯[22m customnodes/midi/midi-integration.test.ts:[2m120:14[22m[39m

[31m[2m⎯⎯⎯⎯⎯⎯⎯⎯⎯⎯⎯⎯⎯⎯⎯⎯⎯⎯⎯⎯⎯⎯⎯⎯[1/3]⎯[22m[39m

[41m[1m FAIL [22m[49m customnodes/midi/midi-integration.test.ts[2m > [22mMIDI Integration[2m > [22mshould process MIDI Note messages
[31m[1mTypeError[22m: Cannot read properties of undefined (reading 'status')[39m
[36m [2m❯[22m Object.execute customnodes/midi/nodes.ts:[2m84:48[22m[39m
    [90m 82| [39m      [35mfor[39m ([35mconst[39m record [35mof[39m stream) {
    [90m 83| [39m        const event = record.fields as unknown as { status: number, da…
    [90m 84| [39m        [35mconst[39m statusType [33m=[39m [34mgetStatusType[39m(event[33m.[39mstatus)[33m;[39m
    [90m   | [39m                                               [31m^[39m
    [90m 85| [39m        [35mconst[39m eventChannel [33m=[39m [34mgetChannel[39m(event[33m.[39mstatus)[33m;[39m
    [90m 86| [39m
[90m [2m❯[22m Object.execute structor/type-helpers.ts:[2m294:30[22m[39m
[90m [2m❯[22m GraphExecutor.update structor/executor.ts:[2m213:33[22m[39m
[90m [2m❯[22m customnodes/midi/midi-integration.test.ts:[2m156:14[22m[39m

[31m[2m⎯⎯⎯⎯⎯⎯⎯⎯⎯⎯⎯⎯⎯⎯⎯⎯⎯⎯⎯⎯⎯⎯⎯⎯[2/3]⎯[22m[39m

[41m[1m FAIL [22m[49m customnodes/midi/midi-integration.test.ts[2m > [22mMIDI Integration[2m > [22mshould convert MIDI to Mono with Middle C anchor
[31m[1mTypeError[22m: Cannot read properties of undefined (reading 'status')[39m
[36m [2m❯[22m Object.execute customnodes/midi/nodes.ts:[2m150:48[22m[39m
    [90m148| [39m        console[33m.[39m[34mlog[39m([32m'Record:'[39m[33m,[39m [33mJSON[39m[33m.[39m[34mstringify[39m(record[33m,[39m [35mnull[39m[33m,[39m [34m2[39m))[33m;[39m
    [90m149| [39m        const event = record.fields as unknown as { status: number, da…
    [90m150| [39m        [35mconst[39m statusType [33m=[39m [34mgetStatusType[39m(event[33m.[39mstatus)[33m;[39m
    [90m   | [39m                                               [31m^[39m
    [90m151| [39m        [35mconst[39m eventChannel [33m=[39m [34mgetChannel[39m(event[33m.[39mstatus)[33m;[39m
    [90m152| [39m
[90m [2m❯[22m Object.execute structor/type-helpers.ts:[2m294:30[22m[39m
[90m [2m❯[22m GraphExecutor.update structor/executor.ts:[2m213:33[22m[39m
[90m [2m❯[22m customnodes/midi/midi-integration.test.ts:[2m188:14[22m[39m

[31m[2m⎯⎯⎯⎯⎯⎯⎯⎯⎯⎯⎯⎯⎯⎯⎯⎯⎯⎯⎯⎯⎯⎯⎯⎯[3/3]⎯[22m[39m


[2m Test Files [22m [1m[31m1 failed[39m[22m[90m (1)[39m
[2m      Tests [22m [1m[31m3 failed[39m[22m[90m (3)[39m
[2m   Start at [22m 15:01:21
[2m   Duration [22m 670ms[2m (transform 133ms, setup 23ms, collect 303ms, tests 6ms, environment 243ms, prepare 5ms)[22m

